coordinates.inp
CPUjob.sub
domainBoundingVectors.inp
FinalCPU.prm
FInalFP64.prm
FInal.prm
forces.txt
forces.txt.old
GPUjob.sub
job.err
job.out
pseudo_JTH2.inp
Pt.GGA_PBE-JTH.xml
set_affinity_gpu_polaris.sh
NUM_OF_NODES= 6 TOTAL_NUM_RANKS= 24 RANKS_PER_NODE= 4 THREADS_PER_RANK= 8
coordinates.inp
CPUjob.sub
domainBoundingVectors.inp
Final_2Nodes_200WFC.op
FinalCPU.prm
FinalFP64_2Nodes_200WFC.op
FinalFP64.prm
Final.prm
forces.txt
forces.txt.old
GPUjob.sub
job.err
job.out
pseudo_JTH2.inp
Pt.GGA_PBE-JTH.xml
set_affinity_gpu_polaris.sh
NUM_OF_NODES= 6 TOTAL_NUM_RANKS= 24 RANKS_PER_NODE= 4 THREADS_PER_RANK= 8
coordinates.inp
CPUjob.sub
dftfeScratch0t1784797708939
domainBoundingVectors.inp
FinalCPU.prm
FinalFP64_6Nodes_200WFC.op
FinalFP64.prm
Final.prm
forces.txt
forces.txt.old
GPUjob.sub
job.err
job.out
pseudo_JTH2.inp
Pt.GGA_PBE-JTH.xml
set_affinity_gpu_polaris.sh
NUM_OF_NODES= 6 TOTAL_NUM_RANKS= 24 RANKS_PER_NODE= 4 THREADS_PER_RANK= 8
coordinates.inp
CPUjob.sub
dftfeScratch0t1784797708939
dftfeScratch0t1784798197562
domainBoundingVectors.inp
Final_6Nodes_200WFC.op
FinalCPU.prm
FinalFP64_6Nodes_200WFC.op
FinalFP64.prm
Final.prm
forces.txt
forces.txt.old
GPUjob.sub
job.err
job.out
pseudo_JTH2.inp
Pt.GGA_PBE-JTH.xml
set_affinity_gpu_polaris.sh
NUM_OF_NODES= 7 TOTAL_NUM_RANKS= 28 RANKS_PER_NODE= 4 THREADS_PER_RANK= 8
coordinates.inp
CPUjob.sub
dftfeScratch0t1784797708939
dftfeScratch0t1784798197562
domainBoundingVectors.inp
Final_6Nodes_200WFC.op
Final_7Nodes_200WFC.op
FinalCPU.prm
FinalFP64_6Nodes_200WFC.op
FinalFP64.prm
Final.prm
forces.txt
forces.txt.old
GPUjob.sub
job.err
job.out
pseudo_JTH2.inp
Pt.GGA_PBE-JTH.xml
set_affinity_gpu_polaris.sh
NUM_OF_NODES= 7 TOTAL_NUM_RANKS= 28 RANKS_PER_NODE= 4 THREADS_PER_RANK= 8
