coordinates.inp
domainBoundingVectors.inp
Final.prm
forces.txt
forces.txt.old
job.err
job.out
job.sub
pseudo_JTH2.inp
Pt.GGA_PBE-JTH_light.xml
Pt.GGA_PBE-JTH.xml
set_affinity_gpu_polaris.sh
TimingFP64.prm
Timing.prm
NUM_OF_NODES= 4 TOTAL_NUM_RANKS= 16 RANKS_PER_NODE= 4 THREADS_PER_RANK= 8
coordinates.inp
dftfeScratch0t1784688854122
domainBoundingVectors.inp
Final2.prm
Final_4Nodes_400WFC.op
Final.prm
forces.txt
forces.txt.old
job.err
job.out
job.sub
pseudo_JTH2.inp
Pt.GGA_PBE-JTH_light.xml
Pt.GGA_PBE-JTH.xml
set_affinity_gpu_polaris.sh
TimingFP64.prm
Timing.prm
NUM_OF_NODES= 4 TOTAL_NUM_RANKS= 16 RANKS_PER_NODE= 4 THREADS_PER_RANK= 8
coordinates.inp
dftfeScratch0t1784688854122
domainBoundingVectors.inp
Final2.prm
Final_4Nodes_400WFC.op
Final.prm
forces.txt
forces.txt.old
job.err
job.out
job.sub
pseudo_JTH2.inp
Pt.GGA_PBE-JTH_light.xml
Pt.GGA_PBE-JTH.xml
set_affinity_gpu_polaris.sh
TimingFP64.prm
Timing.prm
NUM_OF_NODES= 96 TOTAL_NUM_RANKS= 384 RANKS_PER_NODE= 4 THREADS_PER_RANK= 8
