	linux-vdso.so.1 (0x00007ffe9b985000)
	/soft/xalt/3.2.1-1-g67d304d4-202511121555/lib64/libxalt_init.so (0x000015525ba98000)
	libfftw3.so.mpi31.3 => /opt/cray/pe/lib64/libfftw3.so.mpi31.3 (0x000015525b76a000)
	libfftw3_omp.so.mpi31.3 => /opt/cray/pe/lib64/libfftw3_omp.so.mpi31.3 (0x000015525b762000)
	liblapack_lp64.so.0 => /soft/compilers/nvhpc/Linux_x86_64/24.11/compilers/lib/liblapack_lp64.so.0 (0x000015525aa00000)
	libblas_lp64.so.0 => /soft/compilers/nvhpc/Linux_x86_64/24.11/compilers/lib/libblas_lp64.so.0 (0x0000155258a00000)
	libdarshan.so.0 => /soft/perftools/darshan/darshan-3.4.4/lib/libdarshan.so.0 (0x000015525b706000)
	libz.so.1 => /usr/lib64/libz.so.1 (0x000015525a9e7000)
	libmpifort_nvidia.so.12 => /opt/cray/pe/lib64/libmpifort_nvidia.so.12 (0x00001552589ae000)
	libnvhpcwrapcufft.so => /soft/compilers/nvhpc/Linux_x86_64/24.11/compilers/lib/libnvhpcwrapcufft.so (0x0000155258600000)
	libcufft.so.11 => /soft/compilers/nvhpc/Linux_x86_64/24.11/math_libs/lib64/libcufft.so.11 (0x0000155247600000)
	libcudaforwraprand.so => /soft/compilers/nvhpc/Linux_x86_64/24.11/compilers/lib/libcudaforwraprand.so (0x0000155247200000)
	libcurand.so.10 => /soft/compilers/nvhpc/Linux_x86_64/24.11/math_libs/lib64/libcurand.so.10 (0x0000155240c00000)
	libcusolver.so.11 => /soft/compilers/nvhpc/Linux_x86_64/24.11/math_libs/lib64/libcusolver.so.11 (0x0000155237800000)
	libnvJitLink.so.12 => /soft/compilers/nvhpc/Linux_x86_64/24.11/cuda/lib64/libnvJitLink.so.12 (0x0000155234400000)
	libcublas.so.12 => /soft/compilers/nvhpc/Linux_x86_64/24.11/math_libs/lib64/libcublas.so.12 (0x000015522da00000)
	libcublasLt.so.12 => /soft/compilers/nvhpc/Linux_x86_64/24.11/math_libs/lib64/libcublasLt.so.12 (0x000015520c000000)
	libcudaforwrapblas.so => /soft/compilers/nvhpc/Linux_x86_64/24.11/compilers/lib/libcudaforwrapblas.so (0x000015520bc00000)
	libcudaforwrapblas117.so => /soft/compilers/nvhpc/Linux_x86_64/24.11/compilers/lib/libcudaforwrapblas117.so (0x000015520b800000)
	libcudart.so.12 => /soft/compilers/nvhpc/Linux_x86_64/24.11/cuda/lib64/libcudart.so.12 (0x000015520b400000)
	libcudafor_120.so => /soft/compilers/nvhpc/Linux_x86_64/24.11/compilers/lib/libcudafor_120.so (0x0000155204a00000)
	libcudafor.so => /soft/compilers/nvhpc/Linux_x86_64/24.11/compilers/lib/libcudafor.so (0x0000155204600000)
	libacchost.so => /soft/compilers/nvhpc/Linux_x86_64/24.11/compilers/lib/libacchost.so (0x0000155204200000)
	libaccdevaux.so => /soft/compilers/nvhpc/Linux_x86_64/24.11/compilers/lib/libaccdevaux.so (0x0000155203e00000)
	libaccdevice.so => /soft/compilers/nvhpc/Linux_x86_64/24.11/compilers/lib/libaccdevice.so (0x0000155203a00000)
	libcudadevice.so => /soft/compilers/nvhpc/Linux_x86_64/24.11/compilers/lib/libcudadevice.so (0x0000155203600000)
	libcudafor2.so => /soft/compilers/nvhpc/Linux_x86_64/24.11/compilers/lib/libcudafor2.so (0x0000155203200000)
	libnvf.so => /soft/compilers/nvhpc/Linux_x86_64/24.11/compilers/lib/libnvf.so (0x0000155202a00000)
	libnvomp.so => /soft/compilers/nvhpc/Linux_x86_64/24.11/compilers/lib/libnvomp.so (0x0000155201800000)
	libnvcpumath.so => /soft/compilers/nvhpc/Linux_x86_64/24.11/compilers/lib/libnvcpumath.so (0x0000155201200000)
	libnvc.so => /soft/compilers/nvhpc/Linux_x86_64/24.11/compilers/lib/libnvc.so (0x0000155200e00000)
	libc.so.6 => /lib64/libc.so.6 (0x0000155200beb000)
	libgcc_s.so.1 => /lib64/libgcc_s.so.1 (0x0000155258981000)
	libm.so.6 => /lib64/libm.so.6 (0x0000155258897000)
	libdl.so.2 => /lib64/libdl.so.2 (0x000015525b6f7000)
	libatomic.so.1 => /usr/lib64/libatomic.so.1 (0x000015525888d000)
	libpthread.so.0 => /lib64/libpthread.so.0 (0x000015525b6f4000)
	librt.so.1 => /lib64/librt.so.1 (0x000015525b6f1000)
	libnvhpcatm.so => /soft/compilers/nvhpc/Linux_x86_64/24.11/compilers/lib/libnvhpcatm.so (0x0000155200800000)
	libmpi_gnu_123.so.12 => /opt/cray/pe/lib64/libmpi_gnu_123.so.12 (0x00001551ff6b0000)
	libmpi_nvidia.so.12 => /opt/cray/pe/lib64/libmpi_nvidia.so.12 (0x00001551fe560000)
	libfabric.so.1 => /opt/cray/libfabric/2.2.0rc1/lib64/libfabric.so.1 (0x00001552584b9000)
	libpmi.so.0 => /opt/cray/pe/lib64/libpmi.so.0 (0x0000155258869000)
	libpmi2.so.0 => /opt/cray/pe/lib64/libpmi2.so.0 (0x0000155258845000)
	/lib64/ld-linux-x86-64.so.2 (0x000015525bac5000)
	libcusparse.so.12 => /soft/compilers/nvhpc/Linux_x86_64/24.11/math_libs/lib64/libcusparse.so.12 (0x00001551eca00000)
	libcxi.so.1 => /usr/lib64/libcxi.so.1 (0x0000155258824000)
	libcurl.so.4 => /usr/lib64/libcurl.so.4 (0x0000155247523000)
	libjson-c.so.5 => /usr/lib64/libjson-c.so.5 (0x000015525880e000)
	libpals.so.0 => /opt/cray/pals/1.7/lib/libpals.so.0 (0x0000155258805000)
	libnl-3.so.200 => /usr/lib64/libnl-3.so.200 (0x0000155247500000)
	libnghttp2.so.14 => /usr/lib64/libnghttp2.so.14 (0x00001552474d7000)
	libidn2.so.0 => /usr/lib64/libidn2.so.0 (0x00001551ec600000)
	libssh.so.4 => /usr/lib64/libssh.so.4 (0x0000155247468000)
	libpsl.so.5 => /usr/lib64/libpsl.so.5 (0x00001551ec200000)
	libssl.so.3 => /usr/lib64/libssl.so.3 (0x000015524714a000)
	libcrypto.so.3 => /usr/lib64/libcrypto.so.3 (0x00001551ebc89000)
	libgssapi_krb5.so.2 => /usr/lib64/libgssapi_krb5.so.2 (0x0000155247416000)
	libldap_r-2.4.so.2 => /usr/lib64/libldap_r-2.4.so.2 (0x00001552470f5000)
	liblber-2.4.so.2 => /usr/lib64/liblber-2.4.so.2 (0x0000155247406000)
	libzstd.so.1 => /usr/lib64/libzstd.so.1 (0x0000155240b41000)
	libbrotlidec.so.1 => /usr/lib64/libbrotlidec.so.1 (0x00001552584ac000)
	libunistring.so.2 => /usr/lib64/libunistring.so.2 (0x00001551eb800000)
	libjitterentropy.so.3 => /usr/lib64/libjitterentropy.so.3 (0x00001552470ed000)
	libkrb5.so.3 => /usr/lib64/libkrb5.so.3 (0x0000155237726000)
	libk5crypto.so.3 => /usr/lib64/libk5crypto.so.3 (0x00001552470d6000)
	libcom_err.so.2 => /lib64/libcom_err.so.2 (0x00001552470d1000)
	libkrb5support.so.0 => /usr/lib64/libkrb5support.so.0 (0x00001552470c2000)
	libsasl2.so.3 => /usr/lib64/libsasl2.so.3 (0x00001552470a4000)
	libbrotlicommon.so.1 => /usr/lib64/libbrotlicommon.so.1 (0x0000155247082000)
	libkeyutils.so.1 => /usr/lib64/libkeyutils.so.1 (0x00001551eb400000)
	libresolv.so.2 => /lib64/libresolv.so.2 (0x0000155247070000)
	libselinux.so.1 => /usr/lib64/libselinux.so.1 (0x0000155247043000)
	libpcre2-8.so.0 => /usr/lib64/libpcre2-8.so.0 (0x000015522d944000)
