	linux-vdso.so.1 (0x00007ffe99dd2000)
	/soft/xalt/3.2.1-1-g67d304d4-202511121555/lib64/libxalt_init.so (0x0000147c8602e000)
	libfftw3.so.mpi31.3 => /opt/cray/pe/lib64/libfftw3.so.mpi31.3 (0x0000147c85d00000)
	libfftw3_omp.so.mpi31.3 => /opt/cray/pe/lib64/libfftw3_omp.so.mpi31.3 (0x0000147c85cf8000)
	liblapack_lp64.so.0 => /soft/compilers/nvhpc/Linux_x86_64/24.11/compilers/lib/liblapack_lp64.so.0 (0x0000147c85000000)
	libblas_lp64.so.0 => /soft/compilers/nvhpc/Linux_x86_64/24.11/compilers/lib/libblas_lp64.so.0 (0x0000147c83000000)
	libdarshan.so.0 => /soft/perftools/darshan/darshan-3.4.4/lib/libdarshan.so.0 (0x0000147c82fa4000)
	libz.so.1 => /usr/lib64/libz.so.1 (0x0000147c84fe7000)
	libmpifort_nvidia.so.12 => /opt/cray/pe/lib64/libmpifort_nvidia.so.12 (0x0000147c82f52000)
	libnvhpcwrapcufft.so => /soft/compilers/nvhpc/Linux_x86_64/24.11/compilers/lib/libnvhpcwrapcufft.so (0x0000147c82c00000)
	libcufft.so.11 => /soft/compilers/nvhpc/Linux_x86_64/24.11/math_libs/lib64/libcufft.so.11 (0x0000147c71c00000)
	libcudaforwraprand.so => /soft/compilers/nvhpc/Linux_x86_64/24.11/compilers/lib/libcudaforwraprand.so (0x0000147c71800000)
	libcurand.so.10 => /soft/compilers/nvhpc/Linux_x86_64/24.11/math_libs/lib64/libcurand.so.10 (0x0000147c6b200000)
	libcusolver.so.11 => /soft/compilers/nvhpc/Linux_x86_64/24.11/math_libs/lib64/libcusolver.so.11 (0x0000147c61e00000)
	libnvJitLink.so.12 => /soft/compilers/nvhpc/Linux_x86_64/24.11/cuda/lib64/libnvJitLink.so.12 (0x0000147c5ea00000)
	libcublas.so.12 => /soft/compilers/nvhpc/Linux_x86_64/24.11/math_libs/lib64/libcublas.so.12 (0x0000147c58000000)
	libcublasLt.so.12 => /soft/compilers/nvhpc/Linux_x86_64/24.11/math_libs/lib64/libcublasLt.so.12 (0x0000147c36600000)
	libcudaforwrapblas.so => /soft/compilers/nvhpc/Linux_x86_64/24.11/compilers/lib/libcudaforwrapblas.so (0x0000147c36200000)
	libcudaforwrapblas117.so => /soft/compilers/nvhpc/Linux_x86_64/24.11/compilers/lib/libcudaforwrapblas117.so (0x0000147c35e00000)
	libcudart.so.12 => /soft/compilers/nvhpc/Linux_x86_64/24.11/cuda/lib64/libcudart.so.12 (0x0000147c35a00000)
	libcudafor_120.so => /soft/compilers/nvhpc/Linux_x86_64/24.11/compilers/lib/libcudafor_120.so (0x0000147c2f000000)
	libcudafor.so => /soft/compilers/nvhpc/Linux_x86_64/24.11/compilers/lib/libcudafor.so (0x0000147c2ec00000)
	libacchost.so => /soft/compilers/nvhpc/Linux_x86_64/24.11/compilers/lib/libacchost.so (0x0000147c2e800000)
	libaccdevaux.so => /soft/compilers/nvhpc/Linux_x86_64/24.11/compilers/lib/libaccdevaux.so (0x0000147c2e400000)
	libaccdevice.so => /soft/compilers/nvhpc/Linux_x86_64/24.11/compilers/lib/libaccdevice.so (0x0000147c2e000000)
	libcudadevice.so => /soft/compilers/nvhpc/Linux_x86_64/24.11/compilers/lib/libcudadevice.so (0x0000147c2dc00000)
	libcudafor2.so => /soft/compilers/nvhpc/Linux_x86_64/24.11/compilers/lib/libcudafor2.so (0x0000147c2d800000)
	libnvf.so => /soft/compilers/nvhpc/Linux_x86_64/24.11/compilers/lib/libnvf.so (0x0000147c2d000000)
	libnvomp.so => /soft/compilers/nvhpc/Linux_x86_64/24.11/compilers/lib/libnvomp.so (0x0000147c2be00000)
	libnvcpumath.so => /soft/compilers/nvhpc/Linux_x86_64/24.11/compilers/lib/libnvcpumath.so (0x0000147c2b800000)
	libnvc.so => /soft/compilers/nvhpc/Linux_x86_64/24.11/compilers/lib/libnvc.so (0x0000147c2b400000)
	libc.so.6 => /lib64/libc.so.6 (0x0000147c2b1eb000)
	libgcc_s.so.1 => /lib64/libgcc_s.so.1 (0x0000147c82f25000)
	libm.so.6 => /lib64/libm.so.6 (0x0000147c82e3b000)
	libdl.so.2 => /lib64/libdl.so.2 (0x0000147c82e38000)
	libatomic.so.1 => /usr/lib64/libatomic.so.1 (0x0000147c82e2e000)
	libpthread.so.0 => /lib64/libpthread.so.0 (0x0000147c82e2b000)
	librt.so.1 => /lib64/librt.so.1 (0x0000147c82e28000)
	libnvhpcatm.so => /soft/compilers/nvhpc/Linux_x86_64/24.11/compilers/lib/libnvhpcatm.so (0x0000147c2ae00000)
	libmpi_gnu_123.so.12 => /opt/cray/pe/lib64/libmpi_gnu_123.so.12 (0x0000147c29cb0000)
	libmpi_nvidia.so.12 => /opt/cray/pe/lib64/libmpi_nvidia.so.12 (0x0000147c28b60000)
	libfabric.so.1 => /opt/cray/libfabric/2.2.0rc1/lib64/libfabric.so.1 (0x0000147c82ab9000)
	libpmi.so.0 => /opt/cray/pe/lib64/libpmi.so.0 (0x0000147c82e04000)
	libpmi2.so.0 => /opt/cray/pe/lib64/libpmi2.so.0 (0x0000147c71bdc000)
	/lib64/ld-linux-x86-64.so.2 (0x0000147c8605b000)
	libcusparse.so.12 => /soft/compilers/nvhpc/Linux_x86_64/24.11/math_libs/lib64/libcusparse.so.12 (0x0000147c17000000)
	libcxi.so.1 => /usr/lib64/libcxi.so.1 (0x0000147c71bbb000)
	libcurl.so.4 => /usr/lib64/libcurl.so.4 (0x0000147c71ade000)
	libjson-c.so.5 => /usr/lib64/libjson-c.so.5 (0x0000147c71ac8000)
	libpals.so.0 => /opt/cray/pals/1.7/lib/libpals.so.0 (0x0000147c82aae000)
	libnl-3.so.200 => /usr/lib64/libnl-3.so.200 (0x0000147c71aa5000)
	libnghttp2.so.14 => /usr/lib64/libnghttp2.so.14 (0x0000147c71a7c000)
	libidn2.so.0 => /usr/lib64/libidn2.so.0 (0x0000147c16c00000)
	libssh.so.4 => /usr/lib64/libssh.so.4 (0x0000147c71a0d000)
	libpsl.so.5 => /usr/lib64/libpsl.so.5 (0x0000147c16800000)
	libssl.so.3 => /usr/lib64/libssl.so.3 (0x0000147c7174a000)
	libcrypto.so.3 => /usr/lib64/libcrypto.so.3 (0x0000147c16288000)
	libgssapi_krb5.so.2 => /usr/lib64/libgssapi_krb5.so.2 (0x0000147c716f8000)
	libldap_r-2.4.so.2 => /usr/lib64/libldap_r-2.4.so.2 (0x0000147c716a3000)
	liblber-2.4.so.2 => /usr/lib64/liblber-2.4.so.2 (0x0000147c71693000)
	libzstd.so.1 => /usr/lib64/libzstd.so.1 (0x0000147c6b141000)
	libbrotlidec.so.1 => /usr/lib64/libbrotlidec.so.1 (0x0000147c71686000)
	libunistring.so.2 => /usr/lib64/libunistring.so.2 (0x0000147c15e00000)
	libjitterentropy.so.3 => /usr/lib64/libjitterentropy.so.3 (0x0000147c71a05000)
	libkrb5.so.3 => /usr/lib64/libkrb5.so.3 (0x0000147c61d26000)
	libk5crypto.so.3 => /usr/lib64/libk5crypto.so.3 (0x0000147c7166f000)
	libcom_err.so.2 => /lib64/libcom_err.so.2 (0x0000147c7166a000)
	libkrb5support.so.0 => /usr/lib64/libkrb5support.so.0 (0x0000147c7165b000)
	libsasl2.so.3 => /usr/lib64/libsasl2.so.3 (0x0000147c7163d000)
	libbrotlicommon.so.1 => /usr/lib64/libbrotlicommon.so.1 (0x0000147c6b11f000)
	libkeyutils.so.1 => /usr/lib64/libkeyutils.so.1 (0x0000147c15a00000)
	libresolv.so.2 => /lib64/libresolv.so.2 (0x0000147c61d14000)
	libselinux.so.1 => /usr/lib64/libselinux.so.1 (0x0000147c61ce7000)
	libpcre2-8.so.0 => /usr/lib64/libpcre2-8.so.0 (0x0000147c57f44000)
