	linux-vdso.so.1 (0x00007ffd763fe000)
	/soft/xalt/3.2.1-1-g67d304d4-202511121555/lib64/libxalt_init.so (0x00001474a36a2000)
	libfftw3.so.mpi31.3 => /opt/cray/pe/lib64/libfftw3.so.mpi31.3 (0x00001474a3374000)
	libfftw3_omp.so.mpi31.3 => /opt/cray/pe/lib64/libfftw3_omp.so.mpi31.3 (0x00001474a336c000)
	liblapack_lp64.so.0 => /soft/compilers/nvhpc/Linux_x86_64/24.11/compilers/lib/liblapack_lp64.so.0 (0x00001474a2600000)
	libblas_lp64.so.0 => /soft/compilers/nvhpc/Linux_x86_64/24.11/compilers/lib/libblas_lp64.so.0 (0x00001474a0600000)
	libdarshan.so.0 => /soft/perftools/darshan/darshan-3.4.4/lib/libdarshan.so.0 (0x00001474a3310000)
	libz.so.1 => /usr/lib64/libz.so.1 (0x00001474a32f7000)
	libmpifort_nvidia.so.12 => /opt/cray/pe/lib64/libmpifort_nvidia.so.12 (0x00001474a05ae000)
	libnvhpcwrapcufft.so => /soft/compilers/nvhpc/Linux_x86_64/24.11/compilers/lib/libnvhpcwrapcufft.so (0x00001474a0200000)
	libcufft.so.11 => /soft/compilers/nvhpc/Linux_x86_64/24.11/math_libs/lib64/libcufft.so.11 (0x000014748f200000)
	libcudaforwraprand.so => /soft/compilers/nvhpc/Linux_x86_64/24.11/compilers/lib/libcudaforwraprand.so (0x000014748ee00000)
	libcurand.so.10 => /soft/compilers/nvhpc/Linux_x86_64/24.11/math_libs/lib64/libcurand.so.10 (0x0000147488800000)
	libcusolver.so.11 => /soft/compilers/nvhpc/Linux_x86_64/24.11/math_libs/lib64/libcusolver.so.11 (0x000014747f400000)
	libnvJitLink.so.12 => /soft/compilers/nvhpc/Linux_x86_64/24.11/cuda/lib64/libnvJitLink.so.12 (0x000014747c000000)
	libcublas.so.12 => /soft/compilers/nvhpc/Linux_x86_64/24.11/math_libs/lib64/libcublas.so.12 (0x0000147475600000)
	libcublasLt.so.12 => /soft/compilers/nvhpc/Linux_x86_64/24.11/math_libs/lib64/libcublasLt.so.12 (0x0000147453c00000)
	libcudaforwrapblas.so => /soft/compilers/nvhpc/Linux_x86_64/24.11/compilers/lib/libcudaforwrapblas.so (0x0000147453800000)
	libcudaforwrapblas117.so => /soft/compilers/nvhpc/Linux_x86_64/24.11/compilers/lib/libcudaforwrapblas117.so (0x0000147453400000)
	libcudart.so.12 => /soft/compilers/nvhpc/Linux_x86_64/24.11/cuda/lib64/libcudart.so.12 (0x0000147453000000)
	libcudafor_120.so => /soft/compilers/nvhpc/Linux_x86_64/24.11/compilers/lib/libcudafor_120.so (0x000014744c600000)
	libcudafor.so => /soft/compilers/nvhpc/Linux_x86_64/24.11/compilers/lib/libcudafor.so (0x000014744c200000)
	libacchost.so => /soft/compilers/nvhpc/Linux_x86_64/24.11/compilers/lib/libacchost.so (0x000014744be00000)
	libaccdevaux.so => /soft/compilers/nvhpc/Linux_x86_64/24.11/compilers/lib/libaccdevaux.so (0x000014744ba00000)
	libaccdevice.so => /soft/compilers/nvhpc/Linux_x86_64/24.11/compilers/lib/libaccdevice.so (0x000014744b600000)
	libcudadevice.so => /soft/compilers/nvhpc/Linux_x86_64/24.11/compilers/lib/libcudadevice.so (0x000014744b200000)
	libcudafor2.so => /soft/compilers/nvhpc/Linux_x86_64/24.11/compilers/lib/libcudafor2.so (0x000014744ae00000)
	libnvf.so => /soft/compilers/nvhpc/Linux_x86_64/24.11/compilers/lib/libnvf.so (0x000014744a600000)
	libnvomp.so => /soft/compilers/nvhpc/Linux_x86_64/24.11/compilers/lib/libnvomp.so (0x0000147449400000)
	libnvcpumath.so => /soft/compilers/nvhpc/Linux_x86_64/24.11/compilers/lib/libnvcpumath.so (0x0000147448e00000)
	libnvc.so => /soft/compilers/nvhpc/Linux_x86_64/24.11/compilers/lib/libnvc.so (0x0000147448a00000)
	libc.so.6 => /lib64/libc.so.6 (0x00001474487eb000)
	libgcc_s.so.1 => /lib64/libgcc_s.so.1 (0x00001474a0581000)
	libm.so.6 => /lib64/libm.so.6 (0x00001474a0497000)
	libdl.so.2 => /lib64/libdl.so.2 (0x00001474a25f9000)
	libatomic.so.1 => /usr/lib64/libatomic.so.1 (0x00001474a25ef000)
	libpthread.so.0 => /lib64/libpthread.so.0 (0x00001474a25ec000)
	librt.so.1 => /lib64/librt.so.1 (0x00001474a25e9000)
	libnvhpcatm.so => /soft/compilers/nvhpc/Linux_x86_64/24.11/compilers/lib/libnvhpcatm.so (0x0000147448400000)
	libmpi_gnu_123.so.12 => /opt/cray/pe/lib64/libmpi_gnu_123.so.12 (0x00001474472b0000)
	libmpi_nvidia.so.12 => /opt/cray/pe/lib64/libmpi_nvidia.so.12 (0x0000147446160000)
	libfabric.so.1 => /opt/cray/libfabric/2.2.0rc1/lib64/libfabric.so.1 (0x00001474a00b9000)
	libpmi.so.0 => /opt/cray/pe/lib64/libpmi.so.0 (0x00001474a0473000)
	libpmi2.so.0 => /opt/cray/pe/lib64/libpmi2.so.0 (0x00001474a044f000)
	/lib64/ld-linux-x86-64.so.2 (0x00001474a36cf000)
	libcusparse.so.12 => /soft/compilers/nvhpc/Linux_x86_64/24.11/math_libs/lib64/libcusparse.so.12 (0x0000147434600000)
	libcxi.so.1 => /usr/lib64/libcxi.so.1 (0x00001474a042e000)
	libcurl.so.4 => /usr/lib64/libcurl.so.4 (0x000014748f123000)
	libjson-c.so.5 => /usr/lib64/libjson-c.so.5 (0x00001474a0418000)
	libpals.so.0 => /opt/cray/pals/1.7/lib/libpals.so.0 (0x00001474a040f000)
	libnl-3.so.200 => /usr/lib64/libnl-3.so.200 (0x000014748f100000)
	libnghttp2.so.14 => /usr/lib64/libnghttp2.so.14 (0x000014748f0d7000)
	libidn2.so.0 => /usr/lib64/libidn2.so.0 (0x0000147434200000)
	libssh.so.4 => /usr/lib64/libssh.so.4 (0x000014748f068000)
	libpsl.so.5 => /usr/lib64/libpsl.so.5 (0x0000147433e00000)
	libssl.so.3 => /usr/lib64/libssl.so.3 (0x000014748ed4a000)
	libcrypto.so.3 => /usr/lib64/libcrypto.so.3 (0x0000147433889000)
	libgssapi_krb5.so.2 => /usr/lib64/libgssapi_krb5.so.2 (0x000014748f016000)
	libldap_r-2.4.so.2 => /usr/lib64/libldap_r-2.4.so.2 (0x000014748ecf5000)
	liblber-2.4.so.2 => /usr/lib64/liblber-2.4.so.2 (0x000014748f006000)
	libzstd.so.1 => /usr/lib64/libzstd.so.1 (0x0000147488741000)
	libbrotlidec.so.1 => /usr/lib64/libbrotlidec.so.1 (0x00001474a00ac000)
	libunistring.so.2 => /usr/lib64/libunistring.so.2 (0x0000147433400000)
	libjitterentropy.so.3 => /usr/lib64/libjitterentropy.so.3 (0x00001474a0405000)
	libkrb5.so.3 => /usr/lib64/libkrb5.so.3 (0x000014747f326000)
	libk5crypto.so.3 => /usr/lib64/libk5crypto.so.3 (0x000014748ecde000)
	libcom_err.so.2 => /lib64/libcom_err.so.2 (0x000014748ecd9000)
	libkrb5support.so.0 => /usr/lib64/libkrb5support.so.0 (0x000014748ecca000)
	libsasl2.so.3 => /usr/lib64/libsasl2.so.3 (0x000014748ecac000)
	libbrotlicommon.so.1 => /usr/lib64/libbrotlicommon.so.1 (0x000014748ec8a000)
	libkeyutils.so.1 => /usr/lib64/libkeyutils.so.1 (0x0000147433000000)
	libresolv.so.2 => /lib64/libresolv.so.2 (0x000014748ec78000)
	libselinux.so.1 => /usr/lib64/libselinux.so.1 (0x000014748ec4b000)
	libpcre2-8.so.0 => /usr/lib64/libpcre2-8.so.0 (0x0000147475544000)
