coordinates.inp
CPUjob.sub
domainBoundingVectors.inp
Final.prm
job.err
job.out
job.sub
pseudo_JTH2.inp
Pt.GGA_PBE-JTH_light.xml
Pt.GGA_PBE-JTH.xml
set_affinity_gpu_polaris.sh
TimingCPU.prm
TimingFalse.prm
TimingFP64.prm
Timing.prm
NUM_OF_NODES= 2 TOTAL_NUM_RANKS= 8 RANKS_PER_NODE= 4 THREADS_PER_RANK= 8
coordinates.inp
CPUjob.sub
domainBoundingVectors.inp
Final_2Nodes_200WFC.op
Final.prm
forces.txt
job.err
job.out
job.sub
pseudo_JTH2.inp
Pt.GGA_PBE-JTH_light.xml
Pt.GGA_PBE-JTH.xml
set_affinity_gpu_polaris.sh
TimingCPU.prm
TimingFalse.prm
TimingFP64.prm
Timing.prm
NUM_OF_NODES= 2 TOTAL_NUM_RANKS= 8 RANKS_PER_NODE= 4 THREADS_PER_RANK= 8
coordinates.inp
CPUjob.sub
domainBoundingVectors.inp
Final_2Nodes_200WFC.op
Final.prm
forces.txt
forces.txt.old
job.err
job.out
job.sub
pseudo_JTH2.inp
Pt.GGA_PBE-JTH_light.xml
Pt.GGA_PBE-JTH.xml
set_affinity_gpu_polaris.sh
TimingCPU.prm
TimingFalse.prm
TimingFP64.prm
Timing.prm
NUM_OF_NODES= 2 TOTAL_NUM_RANKS= 8 RANKS_PER_NODE= 4 THREADS_PER_RANK= 8
coordinates.inp
CPUjob.sub
domainBoundingVectors.inp
Final_2Nodes_200WFC_AA.op
Final_2Nodes_200WFC.op
FinalFP64.prm
Final.prm
forces.txt
forces.txt.old
job.err
job.out
job.sub
pseudo_JTH2.inp
Pt.GGA_PBE-JTH_light.xml
Pt.GGA_PBE-JTH.xml
set_affinity_gpu_polaris.sh
TimingCPU.prm
TimingFalse.prm
TimingFP64.prm
Timing.prm
NUM_OF_NODES= 2 TOTAL_NUM_RANKS= 8 RANKS_PER_NODE= 4 THREADS_PER_RANK= 8
coordinates.inp
CPUjob.sub
domainBoundingVectors.inp
Final_2Nodes_200WFC_AA.op
Final_2Nodes_200WFC_FP64.op
Final_2Nodes_200WFC.op
Final2.prm
FinalFP64.prm
Final.prm
forces.txt
forces.txt.old
job.err
job.out
job.sub
pseudo_JTH2.inp
Pt.GGA_PBE-JTH_light.xml
Pt.GGA_PBE-JTH.xml
set_affinity_gpu_polaris.sh
TimingCPU.prm
TimingFalse.prm
TimingFP64.prm
Timing.prm
NUM_OF_NODES= 2 TOTAL_NUM_RANKS= 8 RANKS_PER_NODE= 4 THREADS_PER_RANK= 8
coordinates.inp
CPUjob.sub
domainBoundingVectors.inp
Final_2Nodes_200WFC_AA.op
Final_2Nodes_200WFC_FP64.op
Final_2Nodes_200WFC_memoptTrue.op
Final_2Nodes_200WFC.op
Final2.prm
FinalFP64.prm
Final.prm
forces.txt
forces.txt.old
job.err
job.out
job.sub
pseudo_JTH2.inp
Pt.GGA_PBE-JTH_light.xml
Pt.GGA_PBE-JTH.xml
set_affinity_gpu_polaris.sh
TimingCPU.prm
NUM_OF_NODES= 64 TOTAL_NUM_RANKS= 256 RANKS_PER_NODE= 4 THREADS_PER_RANK= 8
