	linux-vdso.so.1 (0x00007ffea3b30000)
	/soft/xalt/3.2.1-1-g67d304d4-202511121555/lib64/libxalt_init.so (0x000014e6ff3f2000)
	libfftw3.so.mpi31.3 => /opt/cray/pe/lib64/libfftw3.so.mpi31.3 (0x000014e6ff0c4000)
	libfftw3_omp.so.mpi31.3 => /opt/cray/pe/lib64/libfftw3_omp.so.mpi31.3 (0x000014e6ff0bc000)
	liblapack_lp64.so.0 => /soft/compilers/nvhpc/Linux_x86_64/24.11/compilers/lib/liblapack_lp64.so.0 (0x000014e6fe200000)
	libblas_lp64.so.0 => /soft/compilers/nvhpc/Linux_x86_64/24.11/compilers/lib/libblas_lp64.so.0 (0x000014e6fc200000)
	libdarshan.so.0 => /soft/perftools/darshan/darshan-3.4.4/lib/libdarshan.so.0 (0x000014e6ff060000)
	libz.so.1 => /usr/lib64/libz.so.1 (0x000014e6ff047000)
	libmpifort_nvidia.so.12 => /opt/cray/pe/lib64/libmpifort_nvidia.so.12 (0x000014e6feff3000)
	libnvhpcwrapcufft.so => /soft/compilers/nvhpc/Linux_x86_64/24.11/compilers/lib/libnvhpcwrapcufft.so (0x000014e6fbe00000)
	libcufft.so.11 => /soft/compilers/nvhpc/Linux_x86_64/24.11/math_libs/lib64/libcufft.so.11 (0x000014e6eae00000)
	libcudaforwraprand.so => /soft/compilers/nvhpc/Linux_x86_64/24.11/compilers/lib/libcudaforwraprand.so (0x000014e6eaa00000)
	libcurand.so.10 => /soft/compilers/nvhpc/Linux_x86_64/24.11/math_libs/lib64/libcurand.so.10 (0x000014e6e4400000)
	libcusolver.so.11 => /soft/compilers/nvhpc/Linux_x86_64/24.11/math_libs/lib64/libcusolver.so.11 (0x000014e6db000000)
	libnvJitLink.so.12 => /soft/compilers/nvhpc/Linux_x86_64/24.11/cuda/lib64/libnvJitLink.so.12 (0x000014e6d7c00000)
	libcublas.so.12 => /soft/compilers/nvhpc/Linux_x86_64/24.11/math_libs/lib64/libcublas.so.12 (0x000014e6d1200000)
	libcublasLt.so.12 => /soft/compilers/nvhpc/Linux_x86_64/24.11/math_libs/lib64/libcublasLt.so.12 (0x000014e6af800000)
	libcudaforwrapblas.so => /soft/compilers/nvhpc/Linux_x86_64/24.11/compilers/lib/libcudaforwrapblas.so (0x000014e6af400000)
	libcudaforwrapblas117.so => /soft/compilers/nvhpc/Linux_x86_64/24.11/compilers/lib/libcudaforwrapblas117.so (0x000014e6af000000)
	libcudart.so.12 => /soft/compilers/nvhpc/Linux_x86_64/24.11/cuda/lib64/libcudart.so.12 (0x000014e6aec00000)
	libcudafor_120.so => /soft/compilers/nvhpc/Linux_x86_64/24.11/compilers/lib/libcudafor_120.so (0x000014e6a8200000)
	libcudafor.so => /soft/compilers/nvhpc/Linux_x86_64/24.11/compilers/lib/libcudafor.so (0x000014e6a7e00000)
	libacchost.so => /soft/compilers/nvhpc/Linux_x86_64/24.11/compilers/lib/libacchost.so (0x000014e6a7a00000)
	libaccdevaux.so => /soft/compilers/nvhpc/Linux_x86_64/24.11/compilers/lib/libaccdevaux.so (0x000014e6a7600000)
	libaccdevice.so => /soft/compilers/nvhpc/Linux_x86_64/24.11/compilers/lib/libaccdevice.so (0x000014e6a7200000)
	libcudadevice.so => /soft/compilers/nvhpc/Linux_x86_64/24.11/compilers/lib/libcudadevice.so (0x000014e6a6e00000)
	libcudafor2.so => /soft/compilers/nvhpc/Linux_x86_64/24.11/compilers/lib/libcudafor2.so (0x000014e6a6a00000)
	libnvf.so => /soft/compilers/nvhpc/Linux_x86_64/24.11/compilers/lib/libnvf.so (0x000014e6a6200000)
	libnvomp.so => /soft/compilers/nvhpc/Linux_x86_64/24.11/compilers/lib/libnvomp.so (0x000014e6a5000000)
	libnvcpumath.so => /soft/compilers/nvhpc/Linux_x86_64/24.11/compilers/lib/libnvcpumath.so (0x000014e6a4a00000)
	libnvc.so => /soft/compilers/nvhpc/Linux_x86_64/24.11/compilers/lib/libnvc.so (0x000014e6a4600000)
	libc.so.6 => /lib64/libc.so.6 (0x000014e6a43eb000)
	libgcc_s.so.1 => /lib64/libgcc_s.so.1 (0x000014e6fefbe000)
	libm.so.6 => /lib64/libm.so.6 (0x000014e6fc116000)
	libdl.so.2 => /lib64/libdl.so.2 (0x000014e6fefb9000)
	libatomic.so.1 => /usr/lib64/libatomic.so.1 (0x000014e6fefaf000)
	libpthread.so.0 => /lib64/libpthread.so.0 (0x000014e6fefac000)
	librt.so.1 => /lib64/librt.so.1 (0x000014e6fefa9000)
	libnvhpcatm.so => /soft/compilers/nvhpc/Linux_x86_64/24.11/compilers/lib/libnvhpcatm.so (0x000014e6a4000000)
	libmpi_gnu_123.so.12 => /opt/cray/pe/lib64/libmpi_gnu_123.so.12 (0x000014e6a2eb0000)
	libmpi_nvidia.so.12 => /opt/cray/pe/lib64/libmpi_nvidia.so.12 (0x000014e6a1d60000)
	libfabric.so.1 => /opt/cray/libfabric/2.2.0rc1/lib64/libfabric.so.1 (0x000014e6fbcb9000)
	libpmi.so.0 => /opt/cray/pe/lib64/libpmi.so.0 (0x000014e6fef83000)
	libpmi2.so.0 => /opt/cray/pe/lib64/libpmi2.so.0 (0x000014e6fef5f000)
	/lib64/ld-linux-x86-64.so.2 (0x000014e6ff41f000)
	libcusparse.so.12 => /soft/compilers/nvhpc/Linux_x86_64/24.11/math_libs/lib64/libcusparse.so.12 (0x000014e690200000)
	libcxi.so.1 => /usr/lib64/libcxi.so.1 (0x000014e6fef3c000)
	libcurl.so.4 => /usr/lib64/libcurl.so.4 (0x000014e6fc039000)
	libjson-c.so.5 => /usr/lib64/libjson-c.so.5 (0x000014e6fef26000)
	libpals.so.0 => /opt/cray/pals/1.7/lib/libpals.so.0 (0x000014e6fef1b000)
	libnl-3.so.200 => /usr/lib64/libnl-3.so.200 (0x000014e6feef8000)
	libnghttp2.so.14 => /usr/lib64/libnghttp2.so.14 (0x000014e6fc010000)
	libidn2.so.0 => /usr/lib64/libidn2.so.0 (0x000014e68fe00000)
	libssh.so.4 => /usr/lib64/libssh.so.4 (0x000014e6ead91000)
	libpsl.so.5 => /usr/lib64/libpsl.so.5 (0x000014e68fa00000)
	libssl.so.3 => /usr/lib64/libssl.so.3 (0x000014e6eacdb000)
	libcrypto.so.3 => /usr/lib64/libcrypto.so.3 (0x000014e68f489000)
	libgssapi_krb5.so.2 => /usr/lib64/libgssapi_krb5.so.2 (0x000014e6eac89000)
	libldap_r-2.4.so.2 => /usr/lib64/libldap_r-2.4.so.2 (0x000014e6eac34000)
	liblber-2.4.so.2 => /usr/lib64/liblber-2.4.so.2 (0x000014e6fe1f0000)
	libzstd.so.1 => /usr/lib64/libzstd.so.1 (0x000014e6ea941000)
	libbrotlidec.so.1 => /usr/lib64/libbrotlidec.so.1 (0x000014e6fe1e3000)
	libunistring.so.2 => /usr/lib64/libunistring.so.2 (0x000014e68f000000)
	libjitterentropy.so.3 => /usr/lib64/libjitterentropy.so.3 (0x000014e6fc008000)
	libkrb5.so.3 => /usr/lib64/libkrb5.so.3 (0x000014e6ea867000)
	libk5crypto.so.3 => /usr/lib64/libk5crypto.so.3 (0x000014e6eac1d000)
	libcom_err.so.2 => /lib64/libcom_err.so.2 (0x000014e6fc003000)
	libkrb5support.so.0 => /usr/lib64/libkrb5support.so.0 (0x000014e6fbcaa000)
	libsasl2.so.3 => /usr/lib64/libsasl2.so.3 (0x000014e6ea849000)
	libbrotlicommon.so.1 => /usr/lib64/libbrotlicommon.so.1 (0x000014e6e43de000)
	libkeyutils.so.1 => /usr/lib64/libkeyutils.so.1 (0x000014e68ec00000)
	libresolv.so.2 => /lib64/libresolv.so.2 (0x000014e6eac0b000)
	libselinux.so.1 => /usr/lib64/libselinux.so.1 (0x000014e6e43b1000)
	libpcre2-8.so.0 => /usr/lib64/libpcre2-8.so.0 (0x000014e6daf44000)
