	linux-vdso.so.1 (0x00007fff8eff1000)
	/soft/xalt/3.2.1-1-g67d304d4-202511121555/lib64/libxalt_init.so (0x0000152ae589b000)
	libfftw3.so.mpi31.3 => /opt/cray/pe/lib64/libfftw3.so.mpi31.3 (0x0000152ae556d000)
	libfftw3_omp.so.mpi31.3 => /opt/cray/pe/lib64/libfftw3_omp.so.mpi31.3 (0x0000152ae5565000)
	liblapack_lp64.so.0 => /soft/compilers/nvhpc/Linux_x86_64/24.11/compilers/lib/liblapack_lp64.so.0 (0x0000152ae4800000)
	libblas_lp64.so.0 => /soft/compilers/nvhpc/Linux_x86_64/24.11/compilers/lib/libblas_lp64.so.0 (0x0000152ae2800000)
	libdarshan.so.0 => /soft/perftools/darshan/darshan-3.4.4/lib/libdarshan.so.0 (0x0000152ae5509000)
	libz.so.1 => /usr/lib64/libz.so.1 (0x0000152ae54f0000)
	libmpifort_nvidia.so.12 => /opt/cray/pe/lib64/libmpifort_nvidia.so.12 (0x0000152ae27ae000)
	libnvhpcwrapcufft.so => /soft/compilers/nvhpc/Linux_x86_64/24.11/compilers/lib/libnvhpcwrapcufft.so (0x0000152ae2400000)
	libcufft.so.11 => /soft/compilers/nvhpc/Linux_x86_64/24.11/math_libs/lib64/libcufft.so.11 (0x0000152ad1400000)
	libcudaforwraprand.so => /soft/compilers/nvhpc/Linux_x86_64/24.11/compilers/lib/libcudaforwraprand.so (0x0000152ad1000000)
	libcurand.so.10 => /soft/compilers/nvhpc/Linux_x86_64/24.11/math_libs/lib64/libcurand.so.10 (0x0000152acaa00000)
	libcusolver.so.11 => /soft/compilers/nvhpc/Linux_x86_64/24.11/math_libs/lib64/libcusolver.so.11 (0x0000152ac1600000)
	libnvJitLink.so.12 => /soft/compilers/nvhpc/Linux_x86_64/24.11/cuda/lib64/libnvJitLink.so.12 (0x0000152abe200000)
	libcublas.so.12 => /soft/compilers/nvhpc/Linux_x86_64/24.11/math_libs/lib64/libcublas.so.12 (0x0000152ab7800000)
	libcublasLt.so.12 => /soft/compilers/nvhpc/Linux_x86_64/24.11/math_libs/lib64/libcublasLt.so.12 (0x0000152a95e00000)
	libcudaforwrapblas.so => /soft/compilers/nvhpc/Linux_x86_64/24.11/compilers/lib/libcudaforwrapblas.so (0x0000152a95a00000)
	libcudaforwrapblas117.so => /soft/compilers/nvhpc/Linux_x86_64/24.11/compilers/lib/libcudaforwrapblas117.so (0x0000152a95600000)
	libcudart.so.12 => /soft/compilers/nvhpc/Linux_x86_64/24.11/cuda/lib64/libcudart.so.12 (0x0000152a95200000)
	libcudafor_120.so => /soft/compilers/nvhpc/Linux_x86_64/24.11/compilers/lib/libcudafor_120.so (0x0000152a8e800000)
	libcudafor.so => /soft/compilers/nvhpc/Linux_x86_64/24.11/compilers/lib/libcudafor.so (0x0000152a8e400000)
	libacchost.so => /soft/compilers/nvhpc/Linux_x86_64/24.11/compilers/lib/libacchost.so (0x0000152a8e000000)
	libaccdevaux.so => /soft/compilers/nvhpc/Linux_x86_64/24.11/compilers/lib/libaccdevaux.so (0x0000152a8dc00000)
	libaccdevice.so => /soft/compilers/nvhpc/Linux_x86_64/24.11/compilers/lib/libaccdevice.so (0x0000152a8d800000)
	libcudadevice.so => /soft/compilers/nvhpc/Linux_x86_64/24.11/compilers/lib/libcudadevice.so (0x0000152a8d400000)
	libcudafor2.so => /soft/compilers/nvhpc/Linux_x86_64/24.11/compilers/lib/libcudafor2.so (0x0000152a8d000000)
	libnvf.so => /soft/compilers/nvhpc/Linux_x86_64/24.11/compilers/lib/libnvf.so (0x0000152a8c800000)
	libnvomp.so => /soft/compilers/nvhpc/Linux_x86_64/24.11/compilers/lib/libnvomp.so (0x0000152a8b600000)
	libnvcpumath.so => /soft/compilers/nvhpc/Linux_x86_64/24.11/compilers/lib/libnvcpumath.so (0x0000152a8b000000)
	libnvc.so => /soft/compilers/nvhpc/Linux_x86_64/24.11/compilers/lib/libnvc.so (0x0000152a8ac00000)
	libc.so.6 => /lib64/libc.so.6 (0x0000152a8a9eb000)
	libgcc_s.so.1 => /lib64/libgcc_s.so.1 (0x0000152ae2781000)
	libm.so.6 => /lib64/libm.so.6 (0x0000152ae2697000)
	libdl.so.2 => /lib64/libdl.so.2 (0x0000152ae47f1000)
	libatomic.so.1 => /usr/lib64/libatomic.so.1 (0x0000152ae47e7000)
	libpthread.so.0 => /lib64/libpthread.so.0 (0x0000152ae47e4000)
	librt.so.1 => /lib64/librt.so.1 (0x0000152ae47e1000)
	libnvhpcatm.so => /soft/compilers/nvhpc/Linux_x86_64/24.11/compilers/lib/libnvhpcatm.so (0x0000152a8a600000)
	libmpi_gnu_123.so.12 => /opt/cray/pe/lib64/libmpi_gnu_123.so.12 (0x0000152a894b0000)
	libmpi_nvidia.so.12 => /opt/cray/pe/lib64/libmpi_nvidia.so.12 (0x0000152a88360000)
	libfabric.so.1 => /opt/cray/libfabric/2.2.0rc1/lib64/libfabric.so.1 (0x0000152ae22b9000)
	libpmi.so.0 => /opt/cray/pe/lib64/libpmi.so.0 (0x0000152ae2671000)
	libpmi2.so.0 => /opt/cray/pe/lib64/libpmi2.so.0 (0x0000152ae264d000)
	/lib64/ld-linux-x86-64.so.2 (0x0000152ae58c8000)
	libcusparse.so.12 => /soft/compilers/nvhpc/Linux_x86_64/24.11/math_libs/lib64/libcusparse.so.12 (0x0000152a76800000)
	libcxi.so.1 => /usr/lib64/libcxi.so.1 (0x0000152ae262a000)
	libcurl.so.4 => /usr/lib64/libcurl.so.4 (0x0000152ad1323000)
	libjson-c.so.5 => /usr/lib64/libjson-c.so.5 (0x0000152ae2614000)
	libpals.so.0 => /opt/cray/pals/1.7/lib/libpals.so.0 (0x0000152ae2609000)
	libnl-3.so.200 => /usr/lib64/libnl-3.so.200 (0x0000152ad1300000)
	libnghttp2.so.14 => /usr/lib64/libnghttp2.so.14 (0x0000152ad12d7000)
	libidn2.so.0 => /usr/lib64/libidn2.so.0 (0x0000152a76400000)
	libssh.so.4 => /usr/lib64/libssh.so.4 (0x0000152ad1268000)
	libpsl.so.5 => /usr/lib64/libpsl.so.5 (0x0000152a76000000)
	libssl.so.3 => /usr/lib64/libssl.so.3 (0x0000152ad0f4a000)
	libcrypto.so.3 => /usr/lib64/libcrypto.so.3 (0x0000152a75a89000)
	libgssapi_krb5.so.2 => /usr/lib64/libgssapi_krb5.so.2 (0x0000152ad1216000)
	libldap_r-2.4.so.2 => /usr/lib64/libldap_r-2.4.so.2 (0x0000152ad0ef5000)
	liblber-2.4.so.2 => /usr/lib64/liblber-2.4.so.2 (0x0000152ad1206000)
	libzstd.so.1 => /usr/lib64/libzstd.so.1 (0x0000152aca941000)
	libbrotlidec.so.1 => /usr/lib64/libbrotlidec.so.1 (0x0000152ae22ac000)
	libunistring.so.2 => /usr/lib64/libunistring.so.2 (0x0000152a75600000)
	libjitterentropy.so.3 => /usr/lib64/libjitterentropy.so.3 (0x0000152ad0eed000)
	libkrb5.so.3 => /usr/lib64/libkrb5.so.3 (0x0000152ac1526000)
	libk5crypto.so.3 => /usr/lib64/libk5crypto.so.3 (0x0000152ad0ed6000)
	libcom_err.so.2 => /lib64/libcom_err.so.2 (0x0000152ad0ed1000)
	libkrb5support.so.0 => /usr/lib64/libkrb5support.so.0 (0x0000152ad0ec2000)
	libsasl2.so.3 => /usr/lib64/libsasl2.so.3 (0x0000152ad0ea4000)
	libbrotlicommon.so.1 => /usr/lib64/libbrotlicommon.so.1 (0x0000152ad0e82000)
	libkeyutils.so.1 => /usr/lib64/libkeyutils.so.1 (0x0000152a75200000)
	libresolv.so.2 => /lib64/libresolv.so.2 (0x0000152ad0e70000)
	libselinux.so.1 => /usr/lib64/libselinux.so.1 (0x0000152ad0e43000)
	libpcre2-8.so.0 => /usr/lib64/libpcre2-8.so.0 (0x0000152ab7744000)
