	linux-vdso.so.1 (0x00007ffca299b000)
	/soft/xalt/3.2.1-1-g67d304d4-202511121555/lib64/libxalt_init.so (0x000014da3139c000)
	libfftw3.so.mpi31.3 => /opt/cray/pe/lib64/libfftw3.so.mpi31.3 (0x000014da3106e000)
	libfftw3_omp.so.mpi31.3 => /opt/cray/pe/lib64/libfftw3_omp.so.mpi31.3 (0x000014da31066000)
	liblapack_lp64.so.0 => /soft/compilers/nvhpc/Linux_x86_64/24.11/compilers/lib/liblapack_lp64.so.0 (0x000014da30200000)
	libblas_lp64.so.0 => /soft/compilers/nvhpc/Linux_x86_64/24.11/compilers/lib/libblas_lp64.so.0 (0x000014da2e200000)
	libdarshan.so.0 => /soft/perftools/darshan/darshan-3.4.4/lib/libdarshan.so.0 (0x000014da3100a000)
	libz.so.1 => /usr/lib64/libz.so.1 (0x000014da30ff1000)
	libmpifort_nvidia.so.12 => /opt/cray/pe/lib64/libmpifort_nvidia.so.12 (0x000014da30f9d000)
	libnvhpcwrapcufft.so => /soft/compilers/nvhpc/Linux_x86_64/24.11/compilers/lib/libnvhpcwrapcufft.so (0x000014da2de00000)
	libcufft.so.11 => /soft/compilers/nvhpc/Linux_x86_64/24.11/math_libs/lib64/libcufft.so.11 (0x000014da1ce00000)
	libcudaforwraprand.so => /soft/compilers/nvhpc/Linux_x86_64/24.11/compilers/lib/libcudaforwraprand.so (0x000014da1ca00000)
	libcurand.so.10 => /soft/compilers/nvhpc/Linux_x86_64/24.11/math_libs/lib64/libcurand.so.10 (0x000014da16400000)
	libcusolver.so.11 => /soft/compilers/nvhpc/Linux_x86_64/24.11/math_libs/lib64/libcusolver.so.11 (0x000014da0d000000)
	libnvJitLink.so.12 => /soft/compilers/nvhpc/Linux_x86_64/24.11/cuda/lib64/libnvJitLink.so.12 (0x000014da09c00000)
	libcublas.so.12 => /soft/compilers/nvhpc/Linux_x86_64/24.11/math_libs/lib64/libcublas.so.12 (0x000014da03200000)
	libcublasLt.so.12 => /soft/compilers/nvhpc/Linux_x86_64/24.11/math_libs/lib64/libcublasLt.so.12 (0x000014d9e1800000)
	libcudaforwrapblas.so => /soft/compilers/nvhpc/Linux_x86_64/24.11/compilers/lib/libcudaforwrapblas.so (0x000014d9e1400000)
	libcudaforwrapblas117.so => /soft/compilers/nvhpc/Linux_x86_64/24.11/compilers/lib/libcudaforwrapblas117.so (0x000014d9e1000000)
	libcudart.so.12 => /soft/compilers/nvhpc/Linux_x86_64/24.11/cuda/lib64/libcudart.so.12 (0x000014d9e0c00000)
	libcudafor_120.so => /soft/compilers/nvhpc/Linux_x86_64/24.11/compilers/lib/libcudafor_120.so (0x000014d9da200000)
	libcudafor.so => /soft/compilers/nvhpc/Linux_x86_64/24.11/compilers/lib/libcudafor.so (0x000014d9d9e00000)
	libacchost.so => /soft/compilers/nvhpc/Linux_x86_64/24.11/compilers/lib/libacchost.so (0x000014d9d9a00000)
	libaccdevaux.so => /soft/compilers/nvhpc/Linux_x86_64/24.11/compilers/lib/libaccdevaux.so (0x000014d9d9600000)
	libaccdevice.so => /soft/compilers/nvhpc/Linux_x86_64/24.11/compilers/lib/libaccdevice.so (0x000014d9d9200000)
	libcudadevice.so => /soft/compilers/nvhpc/Linux_x86_64/24.11/compilers/lib/libcudadevice.so (0x000014d9d8e00000)
	libcudafor2.so => /soft/compilers/nvhpc/Linux_x86_64/24.11/compilers/lib/libcudafor2.so (0x000014d9d8a00000)
	libnvf.so => /soft/compilers/nvhpc/Linux_x86_64/24.11/compilers/lib/libnvf.so (0x000014d9d8200000)
	libnvomp.so => /soft/compilers/nvhpc/Linux_x86_64/24.11/compilers/lib/libnvomp.so (0x000014d9d7000000)
	libnvcpumath.so => /soft/compilers/nvhpc/Linux_x86_64/24.11/compilers/lib/libnvcpumath.so (0x000014d9d6a00000)
	libnvc.so => /soft/compilers/nvhpc/Linux_x86_64/24.11/compilers/lib/libnvc.so (0x000014d9d6600000)
	libc.so.6 => /lib64/libc.so.6 (0x000014d9d63eb000)
	libgcc_s.so.1 => /lib64/libgcc_s.so.1 (0x000014da30f68000)
	libm.so.6 => /lib64/libm.so.6 (0x000014da2e116000)
	libdl.so.2 => /lib64/libdl.so.2 (0x000014da30f63000)
	libatomic.so.1 => /usr/lib64/libatomic.so.1 (0x000014da30f59000)
	libpthread.so.0 => /lib64/libpthread.so.0 (0x000014da30f56000)
	librt.so.1 => /lib64/librt.so.1 (0x000014da30f53000)
	libnvhpcatm.so => /soft/compilers/nvhpc/Linux_x86_64/24.11/compilers/lib/libnvhpcatm.so (0x000014d9d6000000)
	libmpi_gnu_123.so.12 => /opt/cray/pe/lib64/libmpi_gnu_123.so.12 (0x000014d9d4eb0000)
	libmpi_nvidia.so.12 => /opt/cray/pe/lib64/libmpi_nvidia.so.12 (0x000014d9d3d60000)
	libfabric.so.1 => /opt/cray/libfabric/2.2.0rc1/lib64/libfabric.so.1 (0x000014da2dcb9000)
	libpmi.so.0 => /opt/cray/pe/lib64/libpmi.so.0 (0x000014da30f2d000)
	libpmi2.so.0 => /opt/cray/pe/lib64/libpmi2.so.0 (0x000014da30f09000)
	/lib64/ld-linux-x86-64.so.2 (0x000014da313c9000)
	libcusparse.so.12 => /soft/compilers/nvhpc/Linux_x86_64/24.11/math_libs/lib64/libcusparse.so.12 (0x000014d9c2200000)
	libcxi.so.1 => /usr/lib64/libcxi.so.1 (0x000014da2e0f5000)
	libcurl.so.4 => /usr/lib64/libcurl.so.4 (0x000014da2e018000)
	libjson-c.so.5 => /usr/lib64/libjson-c.so.5 (0x000014da30ef1000)
	libpals.so.0 => /opt/cray/pals/1.7/lib/libpals.so.0 (0x000014da301f7000)
	libnl-3.so.200 => /usr/lib64/libnl-3.so.200 (0x000014da1cddd000)
	libnghttp2.so.14 => /usr/lib64/libnghttp2.so.14 (0x000014da1cdb4000)
	libidn2.so.0 => /usr/lib64/libidn2.so.0 (0x000014d9c1e00000)
	libssh.so.4 => /usr/lib64/libssh.so.4 (0x000014da1cd45000)
	libpsl.so.5 => /usr/lib64/libpsl.so.5 (0x000014d9c1a00000)
	libssl.so.3 => /usr/lib64/libssl.so.3 (0x000014da1cc8f000)
	libcrypto.so.3 => /usr/lib64/libcrypto.so.3 (0x000014d9c1489000)
	libgssapi_krb5.so.2 => /usr/lib64/libgssapi_krb5.so.2 (0x000014da1cc3d000)
	libldap_r-2.4.so.2 => /usr/lib64/libldap_r-2.4.so.2 (0x000014da1c9ab000)
	liblber-2.4.so.2 => /usr/lib64/liblber-2.4.so.2 (0x000014da301e5000)
	libzstd.so.1 => /usr/lib64/libzstd.so.1 (0x000014da1c8ec000)
	libbrotlidec.so.1 => /usr/lib64/libbrotlidec.so.1 (0x000014da2e00b000)
	libunistring.so.2 => /usr/lib64/libunistring.so.2 (0x000014d9c1000000)
	libjitterentropy.so.3 => /usr/lib64/libjitterentropy.so.3 (0x000014da2e003000)
	libkrb5.so.3 => /usr/lib64/libkrb5.so.3 (0x000014da16326000)
	libk5crypto.so.3 => /usr/lib64/libk5crypto.so.3 (0x000014da1cc26000)
	libcom_err.so.2 => /lib64/libcom_err.so.2 (0x000014da2dcb4000)
	libkrb5support.so.0 => /usr/lib64/libkrb5support.so.0 (0x000014da1cc17000)
	libsasl2.so.3 => /usr/lib64/libsasl2.so.3 (0x000014da1c8ce000)
	libbrotlicommon.so.1 => /usr/lib64/libbrotlicommon.so.1 (0x000014da1c8ac000)
	libkeyutils.so.1 => /usr/lib64/libkeyutils.so.1 (0x000014d9c0c00000)
	libresolv.so.2 => /lib64/libresolv.so.2 (0x000014da1cc05000)
	libselinux.so.1 => /usr/lib64/libselinux.so.1 (0x000014da1c87f000)
	libpcre2-8.so.0 => /usr/lib64/libpcre2-8.so.0 (0x000014da0cf44000)
