coordinates.inp
domainBoundingVectors.inp
Final.prm
job.err
job.out
job.sub
pseudo_JTH2.inp
Pt.GGA_PBE-JTH_light.xml
Pt.GGA_PBE-JTH.xml
set_affinity_gpu_polaris.sh
Timing450.prm
TimingFP64.prm
Timing_NewMesh.prm
NUM_OF_NODES= 1 TOTAL_NUM_RANKS= 4 RANKS_PER_NODE= 4 THREADS_PER_RANK= 8
coordinates.inp
dftfeScratch0t1784620699654
domainBoundingVectors.inp
Final_1Nodes_225WFC.op
Final.prm
job.err
job.out
job.sub
pseudo_JTH2.inp
Pt.GGA_PBE-JTH_light.xml
Pt.GGA_PBE-JTH.xml
set_affinity_gpu_polaris.sh
Timing450.prm
TimingFP64.prm
Timing_NewMesh.prm
NUM_OF_NODES= 1 TOTAL_NUM_RANKS= 4 RANKS_PER_NODE= 4 THREADS_PER_RANK= 8
coordinates.inp
dftfeScratch0t1784620699654
dftfeScratch0t1784621832093
domainBoundingVectors.inp
Final_1Nodes_225WFC.op
Final_1Nodes_225WFC_Resta.op
Final.prm
job.err
job.out
job.sub
pseudo_JTH2.inp
Pt.GGA_PBE-JTH_light.xml
Pt.GGA_PBE-JTH.xml
set_affinity_gpu_polaris.sh
Timing450.prm
TimingFP64.prm
Timing_NewMesh.prm
NUM_OF_NODES= 1 TOTAL_NUM_RANKS= 4 RANKS_PER_NODE= 4 THREADS_PER_RANK= 8
coordinates.inp
dftfeScratch0t1784620699654
dftfeScratch0t1784621832093
domainBoundingVectors.inp
Final_1Nodes_225WFC.op
Final_1Nodes_225WFC_Resta.op
Final2.prm
Final.prm
forces.txt
job.err
job.out
job.sub
pseudo_JTH2.inp
Pt.GGA_PBE-JTH_light.xml
Pt.GGA_PBE-JTH.xml
set_affinity_gpu_polaris.sh
Timing450.prm
TimingFP64.prm
Timing_NewMesh.prm
NUM_OF_NODES= 64 TOTAL_NUM_RANKS= 256 RANKS_PER_NODE= 4 THREADS_PER_RANK= 8
coordinates.inp
dftfeScratch0t1784620699654
dftfeScratch0t1784621832093
domainBoundingVectors.inp
Final_1Nodes_225WFC.op
Final_1Nodes_225WFC_Resta.op
Final2.prm
Final_64Nodes_900WFC.op
Final.prm
forces.txt
forces.txt.old
job.err
job.out
job.sub
pseudo_JTH2.inp
Pt.GGA_PBE-JTH_light.xml
Pt.GGA_PBE-JTH.xml
set_affinity_gpu_polaris.sh
Timing450.prm
TimingFP64.prm
Timing_NewMesh.prm
NUM_OF_NODES= 32 TOTAL_NUM_RANKS= 128 RANKS_PER_NODE= 4 THREADS_PER_RANK= 8
coordinates.inp
dftfeScratch0t1784620699654
dftfeScratch0t1784621832093
domainBoundingVectors.inp
Final_1Nodes_225WFC.op
Final_1Nodes_225WFC_Resta.op
Final2.prm
Final_32Nodes_900WFC.op
Final_64Nodes_900WFC.op
Final.prm
forces.txt
forces.txt.old
job.err
job.out
job.sub
pseudo_JTH2.inp
Pt.GGA_PBE-JTH_light.xml
Pt.GGA_PBE-JTH.xml
set_affinity_gpu_polaris.sh
Timing450.prm
TimingFP64.prm
Timing_NewMesh.prm
NUM_OF_NODES= 32 TOTAL_NUM_RANKS= 128 RANKS_PER_NODE= 4 THREADS_PER_RANK= 8
coordinates.inp
dftfeScratch0t1784620699654
dftfeScratch0t1784621832093
dftfeScratch0t1784693133509
domainBoundingVectors.inp
Final_1Nodes_225WFC.op
Final_1Nodes_225WFC_Resta.op
Final2.prm
Final_32Nodes_900WFC_elpaCPU.op
Final_32Nodes_900WFC.op
Final_64Nodes_900WFC.op
Final.prm
forces.txt
forces.txt.old
job.err
job.out
job.sub
pseudo_JTH2.inp
Pt.GGA_PBE-JTH_light.xml
Pt.GGA_PBE-JTH.xml
set_affinity_gpu_polaris.sh
Timing450.prm
TimingFP64.prm
Timing_NewMesh.prm
NUM_OF_NODES= 32 TOTAL_NUM_RANKS= 128 RANKS_PER_NODE= 4 THREADS_PER_RANK= 8
