	linux-vdso.so.1 (0x00007ffe269fa000)
	/soft/xalt/3.2.1-1-g67d304d4-202511121555/lib64/libxalt_init.so (0x00001539b850e000)
	libfftw3.so.mpi31.3 => /opt/cray/pe/lib64/libfftw3.so.mpi31.3 (0x00001539b81e0000)
	libfftw3_omp.so.mpi31.3 => /opt/cray/pe/lib64/libfftw3_omp.so.mpi31.3 (0x00001539b81d8000)
	liblapack_lp64.so.0 => /soft/compilers/nvhpc/Linux_x86_64/24.11/compilers/lib/liblapack_lp64.so.0 (0x00001539b7400000)
	libblas_lp64.so.0 => /soft/compilers/nvhpc/Linux_x86_64/24.11/compilers/lib/libblas_lp64.so.0 (0x00001539b5400000)
	libdarshan.so.0 => /soft/perftools/darshan/darshan-3.4.4/lib/libdarshan.so.0 (0x00001539b817c000)
	libz.so.1 => /usr/lib64/libz.so.1 (0x00001539b8163000)
	libmpifort_nvidia.so.12 => /opt/cray/pe/lib64/libmpifort_nvidia.so.12 (0x00001539b810f000)
	libnvhpcwrapcufft.so => /soft/compilers/nvhpc/Linux_x86_64/24.11/compilers/lib/libnvhpcwrapcufft.so (0x00001539b5000000)
	libcufft.so.11 => /soft/compilers/nvhpc/Linux_x86_64/24.11/math_libs/lib64/libcufft.so.11 (0x00001539a4000000)
	libcudaforwraprand.so => /soft/compilers/nvhpc/Linux_x86_64/24.11/compilers/lib/libcudaforwraprand.so (0x00001539a3c00000)
	libcurand.so.10 => /soft/compilers/nvhpc/Linux_x86_64/24.11/math_libs/lib64/libcurand.so.10 (0x000015399d600000)
	libcusolver.so.11 => /soft/compilers/nvhpc/Linux_x86_64/24.11/math_libs/lib64/libcusolver.so.11 (0x0000153994200000)
	libnvJitLink.so.12 => /soft/compilers/nvhpc/Linux_x86_64/24.11/cuda/lib64/libnvJitLink.so.12 (0x0000153990e00000)
	libcublas.so.12 => /soft/compilers/nvhpc/Linux_x86_64/24.11/math_libs/lib64/libcublas.so.12 (0x000015398a400000)
	libcublasLt.so.12 => /soft/compilers/nvhpc/Linux_x86_64/24.11/math_libs/lib64/libcublasLt.so.12 (0x0000153968a00000)
	libcudaforwrapblas.so => /soft/compilers/nvhpc/Linux_x86_64/24.11/compilers/lib/libcudaforwrapblas.so (0x0000153968600000)
	libcudaforwrapblas117.so => /soft/compilers/nvhpc/Linux_x86_64/24.11/compilers/lib/libcudaforwrapblas117.so (0x0000153968200000)
	libcudart.so.12 => /soft/compilers/nvhpc/Linux_x86_64/24.11/cuda/lib64/libcudart.so.12 (0x0000153967e00000)
	libcudafor_120.so => /soft/compilers/nvhpc/Linux_x86_64/24.11/compilers/lib/libcudafor_120.so (0x0000153961400000)
	libcudafor.so => /soft/compilers/nvhpc/Linux_x86_64/24.11/compilers/lib/libcudafor.so (0x0000153961000000)
	libacchost.so => /soft/compilers/nvhpc/Linux_x86_64/24.11/compilers/lib/libacchost.so (0x0000153960c00000)
	libaccdevaux.so => /soft/compilers/nvhpc/Linux_x86_64/24.11/compilers/lib/libaccdevaux.so (0x0000153960800000)
	libaccdevice.so => /soft/compilers/nvhpc/Linux_x86_64/24.11/compilers/lib/libaccdevice.so (0x0000153960400000)
	libcudadevice.so => /soft/compilers/nvhpc/Linux_x86_64/24.11/compilers/lib/libcudadevice.so (0x0000153960000000)
	libcudafor2.so => /soft/compilers/nvhpc/Linux_x86_64/24.11/compilers/lib/libcudafor2.so (0x000015395fc00000)
	libnvf.so => /soft/compilers/nvhpc/Linux_x86_64/24.11/compilers/lib/libnvf.so (0x000015395f400000)
	libnvomp.so => /soft/compilers/nvhpc/Linux_x86_64/24.11/compilers/lib/libnvomp.so (0x000015395e200000)
	libnvcpumath.so => /soft/compilers/nvhpc/Linux_x86_64/24.11/compilers/lib/libnvcpumath.so (0x000015395dc00000)
	libnvc.so => /soft/compilers/nvhpc/Linux_x86_64/24.11/compilers/lib/libnvc.so (0x000015395d800000)
	libc.so.6 => /lib64/libc.so.6 (0x000015395d5eb000)
	libgcc_s.so.1 => /lib64/libgcc_s.so.1 (0x00001539b53d3000)
	libm.so.6 => /lib64/libm.so.6 (0x00001539b52e9000)
	libdl.so.2 => /lib64/libdl.so.2 (0x00001539b8102000)
	libatomic.so.1 => /usr/lib64/libatomic.so.1 (0x00001539b80f8000)
	libpthread.so.0 => /lib64/libpthread.so.0 (0x00001539b80f5000)
	librt.so.1 => /lib64/librt.so.1 (0x00001539b80f2000)
	libnvhpcatm.so => /soft/compilers/nvhpc/Linux_x86_64/24.11/compilers/lib/libnvhpcatm.so (0x000015395d200000)
	libmpi_gnu_123.so.12 => /opt/cray/pe/lib64/libmpi_gnu_123.so.12 (0x000015395c0b0000)
	libmpi_nvidia.so.12 => /opt/cray/pe/lib64/libmpi_nvidia.so.12 (0x000015395af60000)
	libfabric.so.1 => /opt/cray/libfabric/2.2.0rc1/lib64/libfabric.so.1 (0x00001539b4eb9000)
	libpmi.so.0 => /opt/cray/pe/lib64/libpmi.so.0 (0x00001539b52c5000)
	libpmi2.so.0 => /opt/cray/pe/lib64/libpmi2.so.0 (0x00001539b52a1000)
	/lib64/ld-linux-x86-64.so.2 (0x00001539b853b000)
	libcusparse.so.12 => /soft/compilers/nvhpc/Linux_x86_64/24.11/math_libs/lib64/libcusparse.so.12 (0x0000153949400000)
	libcxi.so.1 => /usr/lib64/libcxi.so.1 (0x00001539b5280000)
	libcurl.so.4 => /usr/lib64/libcurl.so.4 (0x00001539a3f23000)
	libjson-c.so.5 => /usr/lib64/libjson-c.so.5 (0x00001539b73e8000)
	libpals.so.0 => /opt/cray/pals/1.7/lib/libpals.so.0 (0x00001539b5277000)
	libnl-3.so.200 => /usr/lib64/libnl-3.so.200 (0x00001539b5254000)
	libnghttp2.so.14 => /usr/lib64/libnghttp2.so.14 (0x00001539b522b000)
	libidn2.so.0 => /usr/lib64/libidn2.so.0 (0x0000153949000000)
	libssh.so.4 => /usr/lib64/libssh.so.4 (0x00001539a3eb4000)
	libpsl.so.5 => /usr/lib64/libpsl.so.5 (0x0000153948c00000)
	libssl.so.3 => /usr/lib64/libssl.so.3 (0x00001539a3b4a000)
	libcrypto.so.3 => /usr/lib64/libcrypto.so.3 (0x0000153948688000)
	libgssapi_krb5.so.2 => /usr/lib64/libgssapi_krb5.so.2 (0x00001539a3e62000)
	libldap_r-2.4.so.2 => /usr/lib64/libldap_r-2.4.so.2 (0x00001539a3e0d000)
	liblber-2.4.so.2 => /usr/lib64/liblber-2.4.so.2 (0x00001539b521b000)
	libzstd.so.1 => /usr/lib64/libzstd.so.1 (0x00001539a3a8b000)
	libbrotlidec.so.1 => /usr/lib64/libbrotlidec.so.1 (0x00001539b520e000)
	libunistring.so.2 => /usr/lib64/libunistring.so.2 (0x0000153948200000)
	libjitterentropy.so.3 => /usr/lib64/libjitterentropy.so.3 (0x00001539b5206000)
	libkrb5.so.3 => /usr/lib64/libkrb5.so.3 (0x000015399d526000)
	libk5crypto.so.3 => /usr/lib64/libk5crypto.so.3 (0x00001539a3a74000)
	libcom_err.so.2 => /lib64/libcom_err.so.2 (0x00001539b4eb4000)
	libkrb5support.so.0 => /usr/lib64/libkrb5support.so.0 (0x00001539a3a65000)
	libsasl2.so.3 => /usr/lib64/libsasl2.so.3 (0x00001539a3a47000)
	libbrotlicommon.so.1 => /usr/lib64/libbrotlicommon.so.1 (0x00001539941de000)
	libkeyutils.so.1 => /usr/lib64/libkeyutils.so.1 (0x0000153947e00000)
	libresolv.so.2 => /lib64/libresolv.so.2 (0x000015399d514000)
	libselinux.so.1 => /usr/lib64/libselinux.so.1 (0x00001539941b1000)
	libpcre2-8.so.0 => /usr/lib64/libpcre2-8.so.0 (0x00001539940f5000)
