	linux-vdso.so.1 (0x00007ffe17357000)
	/soft/xalt/3.2.1-1-g67d304d4-202511121555/lib64/libxalt_init.so (0x000014cfc16ed000)
	libfftw3.so.mpi31.3 => /opt/cray/pe/lib64/libfftw3.so.mpi31.3 (0x000014cfc13bf000)
	libfftw3_omp.so.mpi31.3 => /opt/cray/pe/lib64/libfftw3_omp.so.mpi31.3 (0x000014cfc13b7000)
	liblapack_lp64.so.0 => /soft/compilers/nvhpc/Linux_x86_64/24.11/compilers/lib/liblapack_lp64.so.0 (0x000014cfc0600000)
	libblas_lp64.so.0 => /soft/compilers/nvhpc/Linux_x86_64/24.11/compilers/lib/libblas_lp64.so.0 (0x000014cfbe600000)
	libdarshan.so.0 => /soft/perftools/darshan/darshan-3.4.4/lib/libdarshan.so.0 (0x000014cfc135b000)
	libz.so.1 => /usr/lib64/libz.so.1 (0x000014cfc1342000)
	libmpifort_nvidia.so.12 => /opt/cray/pe/lib64/libmpifort_nvidia.so.12 (0x000014cfbe5ae000)
	libnvhpcwrapcufft.so => /soft/compilers/nvhpc/Linux_x86_64/24.11/compilers/lib/libnvhpcwrapcufft.so (0x000014cfbe200000)
	libcufft.so.11 => /soft/compilers/nvhpc/Linux_x86_64/24.11/math_libs/lib64/libcufft.so.11 (0x000014cfad200000)
	libcudaforwraprand.so => /soft/compilers/nvhpc/Linux_x86_64/24.11/compilers/lib/libcudaforwraprand.so (0x000014cface00000)
	libcurand.so.10 => /soft/compilers/nvhpc/Linux_x86_64/24.11/math_libs/lib64/libcurand.so.10 (0x000014cfa6800000)
	libcusolver.so.11 => /soft/compilers/nvhpc/Linux_x86_64/24.11/math_libs/lib64/libcusolver.so.11 (0x000014cf9d400000)
	libnvJitLink.so.12 => /soft/compilers/nvhpc/Linux_x86_64/24.11/cuda/lib64/libnvJitLink.so.12 (0x000014cf9a000000)
	libcublas.so.12 => /soft/compilers/nvhpc/Linux_x86_64/24.11/math_libs/lib64/libcublas.so.12 (0x000014cf93600000)
	libcublasLt.so.12 => /soft/compilers/nvhpc/Linux_x86_64/24.11/math_libs/lib64/libcublasLt.so.12 (0x000014cf71c00000)
	libcudaforwrapblas.so => /soft/compilers/nvhpc/Linux_x86_64/24.11/compilers/lib/libcudaforwrapblas.so (0x000014cf71800000)
	libcudaforwrapblas117.so => /soft/compilers/nvhpc/Linux_x86_64/24.11/compilers/lib/libcudaforwrapblas117.so (0x000014cf71400000)
	libcudart.so.12 => /soft/compilers/nvhpc/Linux_x86_64/24.11/cuda/lib64/libcudart.so.12 (0x000014cf71000000)
	libcudafor_120.so => /soft/compilers/nvhpc/Linux_x86_64/24.11/compilers/lib/libcudafor_120.so (0x000014cf6a600000)
	libcudafor.so => /soft/compilers/nvhpc/Linux_x86_64/24.11/compilers/lib/libcudafor.so (0x000014cf6a200000)
	libacchost.so => /soft/compilers/nvhpc/Linux_x86_64/24.11/compilers/lib/libacchost.so (0x000014cf69e00000)
	libaccdevaux.so => /soft/compilers/nvhpc/Linux_x86_64/24.11/compilers/lib/libaccdevaux.so (0x000014cf69a00000)
	libaccdevice.so => /soft/compilers/nvhpc/Linux_x86_64/24.11/compilers/lib/libaccdevice.so (0x000014cf69600000)
	libcudadevice.so => /soft/compilers/nvhpc/Linux_x86_64/24.11/compilers/lib/libcudadevice.so (0x000014cf69200000)
	libcudafor2.so => /soft/compilers/nvhpc/Linux_x86_64/24.11/compilers/lib/libcudafor2.so (0x000014cf68e00000)
	libnvf.so => /soft/compilers/nvhpc/Linux_x86_64/24.11/compilers/lib/libnvf.so (0x000014cf68600000)
	libnvomp.so => /soft/compilers/nvhpc/Linux_x86_64/24.11/compilers/lib/libnvomp.so (0x000014cf67400000)
	libnvcpumath.so => /soft/compilers/nvhpc/Linux_x86_64/24.11/compilers/lib/libnvcpumath.so (0x000014cf66e00000)
	libnvc.so => /soft/compilers/nvhpc/Linux_x86_64/24.11/compilers/lib/libnvc.so (0x000014cf66a00000)
	libc.so.6 => /lib64/libc.so.6 (0x000014cf667eb000)
	libgcc_s.so.1 => /lib64/libgcc_s.so.1 (0x000014cfc130b000)
	libm.so.6 => /lib64/libm.so.6 (0x000014cfbe4c4000)
	libdl.so.2 => /lib64/libdl.so.2 (0x000014cfc1306000)
	libatomic.so.1 => /usr/lib64/libatomic.so.1 (0x000014cfc12fc000)
	libpthread.so.0 => /lib64/libpthread.so.0 (0x000014cfc12f9000)
	librt.so.1 => /lib64/librt.so.1 (0x000014cfc12f6000)
	libnvhpcatm.so => /soft/compilers/nvhpc/Linux_x86_64/24.11/compilers/lib/libnvhpcatm.so (0x000014cf66400000)
	libmpi_gnu_123.so.12 => /opt/cray/pe/lib64/libmpi_gnu_123.so.12 (0x000014cf652b0000)
	libmpi_nvidia.so.12 => /opt/cray/pe/lib64/libmpi_nvidia.so.12 (0x000014cf64160000)
	libfabric.so.1 => /opt/cray/libfabric/2.2.0rc1/lib64/libfabric.so.1 (0x000014cfbe0b9000)
	libpmi.so.0 => /opt/cray/pe/lib64/libpmi.so.0 (0x000014cfbe4a0000)
	libpmi2.so.0 => /opt/cray/pe/lib64/libpmi2.so.0 (0x000014cfbe47c000)
	/lib64/ld-linux-x86-64.so.2 (0x000014cfc171a000)
	libcusparse.so.12 => /soft/compilers/nvhpc/Linux_x86_64/24.11/math_libs/lib64/libcusparse.so.12 (0x000014cf52600000)
	libcxi.so.1 => /usr/lib64/libcxi.so.1 (0x000014cfbe45b000)
	libcurl.so.4 => /usr/lib64/libcurl.so.4 (0x000014cfad123000)
	libjson-c.so.5 => /usr/lib64/libjson-c.so.5 (0x000014cfc05ea000)
	libpals.so.0 => /opt/cray/pals/1.7/lib/libpals.so.0 (0x000014cfc05e1000)
	libnl-3.so.200 => /usr/lib64/libnl-3.so.200 (0x000014cfbe438000)
	libnghttp2.so.14 => /usr/lib64/libnghttp2.so.14 (0x000014cfbe40f000)
	libidn2.so.0 => /usr/lib64/libidn2.so.0 (0x000014cf52200000)
	libssh.so.4 => /usr/lib64/libssh.so.4 (0x000014cfad0b4000)
	libpsl.so.5 => /usr/lib64/libpsl.so.5 (0x000014cf51e00000)
	libssl.so.3 => /usr/lib64/libssl.so.3 (0x000014cfacd4a000)
	libcrypto.so.3 => /usr/lib64/libcrypto.so.3 (0x000014cf51889000)
	libgssapi_krb5.so.2 => /usr/lib64/libgssapi_krb5.so.2 (0x000014cfad062000)
	libldap_r-2.4.so.2 => /usr/lib64/libldap_r-2.4.so.2 (0x000014cfad00d000)
	liblber-2.4.so.2 => /usr/lib64/liblber-2.4.so.2 (0x000014cfacd3a000)
	libzstd.so.1 => /usr/lib64/libzstd.so.1 (0x000014cfacc7b000)
	libbrotlidec.so.1 => /usr/lib64/libbrotlidec.so.1 (0x000014cfbe0ac000)
	libunistring.so.2 => /usr/lib64/libunistring.so.2 (0x000014cf51400000)
	libjitterentropy.so.3 => /usr/lib64/libjitterentropy.so.3 (0x000014cfbe403000)
	libkrb5.so.3 => /usr/lib64/libkrb5.so.3 (0x000014cfa6726000)
	libk5crypto.so.3 => /usr/lib64/libk5crypto.so.3 (0x000014cfacc64000)
	libcom_err.so.2 => /lib64/libcom_err.so.2 (0x000014cfad008000)
	libkrb5support.so.0 => /usr/lib64/libkrb5support.so.0 (0x000014cfacc55000)
	libsasl2.so.3 => /usr/lib64/libsasl2.so.3 (0x000014cf9d3e2000)
	libbrotlicommon.so.1 => /usr/lib64/libbrotlicommon.so.1 (0x000014cf9d3c0000)
	libkeyutils.so.1 => /usr/lib64/libkeyutils.so.1 (0x000014cf51000000)
	libresolv.so.2 => /lib64/libresolv.so.2 (0x000014cfacc43000)
	libselinux.so.1 => /usr/lib64/libselinux.so.1 (0x000014cf9d393000)
	libpcre2-8.so.0 => /usr/lib64/libpcre2-8.so.0 (0x000014cf9d2d7000)
